Analysis & Synthesis report for top
Tue Oct 11 03:05:43 2016
Quartus Prime Version 16.0.0 Build 211 04/27/2016 SJ Lite Edition


---------------------
; Table of Contents ;
---------------------
  1. Legal Notice
  2. Analysis & Synthesis Summary
  3. Analysis & Synthesis Settings
  4. Parallel Compilation
  5. Analysis & Synthesis Source Files Read
  6. Analysis & Synthesis Resource Usage Summary
  7. Analysis & Synthesis Resource Utilization by Entity
  8. General Register Statistics
  9. Port Connectivity Checks: "FISC:FISC1|Stage3_Execute:Stage3_Execute1|ALU:ALU1"
 10. Port Connectivity Checks: "FISC:FISC1|Stage3_Execute:Stage3_Execute1"
 11. Port Connectivity Checks: "FISC:FISC1|Stage2_Decode:Stage2_Decode1"
 12. Port Connectivity Checks: "FISC:FISC1|Stage1_Fetch:Stage1_Fetch1"
 13. Post-Synthesis Netlist Statistics for Top Partition
 14. Elapsed Time Per Partition
 15. Analysis & Synthesis Messages



----------------
; Legal Notice ;
----------------
Copyright (C) 1991-2016 Altera Corporation. All rights reserved.
Your use of Altera Corporation's design tools, logic functions 
and other software and tools, and its AMPP partner logic 
functions, and any output files from any of the foregoing 
(including device programming or simulation files), and any 
associated documentation or information are expressly subject 
to the terms and conditions of the Altera Program License 
Subscription Agreement, the Altera Quartus Prime License Agreement,
the Altera MegaCore Function License Agreement, or other 
applicable license agreement, including, without limitation, 
that your use is for the sole purpose of programming logic 
devices manufactured by Altera and sold by Altera or its 
authorized distributors.  Please refer to the applicable 
agreement for further details.



+----------------------------------------------------------------------------------+
; Analysis & Synthesis Summary                                                     ;
+------------------------------------+---------------------------------------------+
; Analysis & Synthesis Status        ; Successful - Tue Oct 11 03:05:43 2016       ;
; Quartus Prime Version              ; 16.0.0 Build 211 04/27/2016 SJ Lite Edition ;
; Revision Name                      ; top                                         ;
; Top-level Entity Name              ; top_synth                                   ;
; Family                             ; Cyclone IV E                                ;
; Total logic elements               ; 0                                           ;
;     Total combinational functions  ; 0                                           ;
;     Dedicated logic registers      ; 0                                           ;
; Total registers                    ; 0                                           ;
; Total pins                         ; 2                                           ;
; Total virtual pins                 ; 0                                           ;
; Total memory bits                  ; 0                                           ;
; Embedded Multiplier 9-bit elements ; 0                                           ;
; Total PLLs                         ; 0                                           ;
+------------------------------------+---------------------------------------------+


+----------------------------------------------------------------------------------------------------------------------+
; Analysis & Synthesis Settings                                                                                        ;
+----------------------------------------------------------------------------+--------------------+--------------------+
; Option                                                                     ; Setting            ; Default Value      ;
+----------------------------------------------------------------------------+--------------------+--------------------+
; Device                                                                     ; EP4CE6E22C8        ;                    ;
; Top-level entity name                                                      ; top_synth          ; top                ;
; Family name                                                                ; Cyclone IV E       ; Cyclone V          ;
; Use smart compilation                                                      ; Off                ; Off                ;
; Enable parallel Assembler and TimeQuest Timing Analyzer during compilation ; On                 ; On                 ;
; Enable compact report table                                                ; Off                ; Off                ;
; Restructure Multiplexers                                                   ; Auto               ; Auto               ;
; Create Debugging Nodes for IP Cores                                        ; Off                ; Off                ;
; Preserve fewer node names                                                  ; On                 ; On                 ;
; Disable OpenCore Plus hardware evaluation                                  ; Off                ; Off                ;
; Verilog Version                                                            ; Verilog_2001       ; Verilog_2001       ;
; VHDL Version                                                               ; VHDL_1993          ; VHDL_1993          ;
; State Machine Processing                                                   ; Auto               ; Auto               ;
; Safe State Machine                                                         ; Off                ; Off                ;
; Extract Verilog State Machines                                             ; On                 ; On                 ;
; Extract VHDL State Machines                                                ; On                 ; On                 ;
; Ignore Verilog initial constructs                                          ; Off                ; Off                ;
; Iteration limit for constant Verilog loops                                 ; 5000               ; 5000               ;
; Iteration limit for non-constant Verilog loops                             ; 250                ; 250                ;
; Add Pass-Through Logic to Inferred RAMs                                    ; On                 ; On                 ;
; Infer RAMs from Raw Logic                                                  ; On                 ; On                 ;
; Parallel Synthesis                                                         ; On                 ; On                 ;
; DSP Block Balancing                                                        ; Auto               ; Auto               ;
; NOT Gate Push-Back                                                         ; On                 ; On                 ;
; Power-Up Don't Care                                                        ; On                 ; On                 ;
; Remove Redundant Logic Cells                                               ; Off                ; Off                ;
; Remove Duplicate Registers                                                 ; On                 ; On                 ;
; Ignore CARRY Buffers                                                       ; Off                ; Off                ;
; Ignore CASCADE Buffers                                                     ; Off                ; Off                ;
; Ignore GLOBAL Buffers                                                      ; Off                ; Off                ;
; Ignore ROW GLOBAL Buffers                                                  ; Off                ; Off                ;
; Ignore LCELL Buffers                                                       ; Off                ; Off                ;
; Ignore SOFT Buffers                                                        ; On                 ; On                 ;
; Limit AHDL Integers to 32 Bits                                             ; Off                ; Off                ;
; Optimization Technique                                                     ; Balanced           ; Balanced           ;
; Carry Chain Length                                                         ; 70                 ; 70                 ;
; Auto Carry Chains                                                          ; On                 ; On                 ;
; Auto Open-Drain Pins                                                       ; On                 ; On                 ;
; Perform WYSIWYG Primitive Resynthesis                                      ; Off                ; Off                ;
; Auto ROM Replacement                                                       ; On                 ; On                 ;
; Auto RAM Replacement                                                       ; On                 ; On                 ;
; Auto DSP Block Replacement                                                 ; On                 ; On                 ;
; Auto Shift Register Replacement                                            ; Auto               ; Auto               ;
; Allow Shift Register Merging across Hierarchies                            ; Auto               ; Auto               ;
; Auto Clock Enable Replacement                                              ; On                 ; On                 ;
; Strict RAM Replacement                                                     ; Off                ; Off                ;
; Allow Synchronous Control Signals                                          ; On                 ; On                 ;
; Force Use of Synchronous Clear Signals                                     ; Off                ; Off                ;
; Auto RAM Block Balancing                                                   ; On                 ; On                 ;
; Auto RAM to Logic Cell Conversion                                          ; Off                ; Off                ;
; Auto Resource Sharing                                                      ; Off                ; Off                ;
; Allow Any RAM Size For Recognition                                         ; Off                ; Off                ;
; Allow Any ROM Size For Recognition                                         ; Off                ; Off                ;
; Allow Any Shift Register Size For Recognition                              ; Off                ; Off                ;
; Use LogicLock Constraints during Resource Balancing                        ; On                 ; On                 ;
; Ignore translate_off and synthesis_off directives                          ; Off                ; Off                ;
; Timing-Driven Synthesis                                                    ; On                 ; On                 ;
; Report Parameter Settings                                                  ; On                 ; On                 ;
; Report Source Assignments                                                  ; On                 ; On                 ;
; Report Connectivity Checks                                                 ; On                 ; On                 ;
; Ignore Maximum Fan-Out Assignments                                         ; Off                ; Off                ;
; Synchronization Register Chain Length                                      ; 2                  ; 2                  ;
; PowerPlay Power Optimization During Synthesis                              ; Normal compilation ; Normal compilation ;
; HDL message level                                                          ; Level2             ; Level2             ;
; Suppress Register Optimization Related Messages                            ; Off                ; Off                ;
; Number of Removed Registers Reported in Synthesis Report                   ; 5000               ; 5000               ;
; Number of Swept Nodes Reported in Synthesis Report                         ; 5000               ; 5000               ;
; Number of Inverted Registers Reported in Synthesis Report                  ; 100                ; 100                ;
; Clock MUX Protection                                                       ; On                 ; On                 ;
; Auto Gated Clock Conversion                                                ; Off                ; Off                ;
; Block Design Naming                                                        ; Auto               ; Auto               ;
; SDC constraint protection                                                  ; Off                ; Off                ;
; Synthesis Effort                                                           ; Auto               ; Auto               ;
; Shift Register Replacement - Allow Asynchronous Clear Signal               ; On                 ; On                 ;
; Pre-Mapping Resynthesis Optimization                                       ; Off                ; Off                ;
; Analysis & Synthesis Message Level                                         ; Medium             ; Medium             ;
; Disable Register Merging Across Hierarchies                                ; Auto               ; Auto               ;
; Resource Aware Inference For Block RAM                                     ; On                 ; On                 ;
; Synthesis Seed                                                             ; 1                  ; 1                  ;
+----------------------------------------------------------------------------+--------------------+--------------------+


Parallel compilation was disabled, but you have multiple processors available. Enable parallel compilation to reduce compilation time.
+-------------------------------------+
; Parallel Compilation                ;
+----------------------------+--------+
; Processors                 ; Number ;
+----------------------------+--------+
; Number detected on machine ; 4      ;
; Maximum allowed            ; 1      ;
+----------------------------+--------+


+------------------------------------------------------------------------------------------------------------------------------------------------------------------------------------------------------------------------------------------------------------+
; Analysis & Synthesis Source Files Read                                                                                                                                                                                                                     ;
+---------------------------------------------+-----------------+-----------------+----------------------------------------------------------------------------------------------------------------------------------------------------------------+---------+
; File Name with User-Entered Path            ; Used in Netlist ; File Type       ; File Name with Absolute Path                                                                                                                                   ; Library ;
+---------------------------------------------+-----------------+-----------------+----------------------------------------------------------------------------------------------------------------------------------------------------------------+---------+
; ../../../../../rtl/stage5_writeback.vhd     ; yes             ; User VHDL File  ; C:/Users/Miguel/Dropbox/University_Modules/Computer_Systems_Engineering_-_Year_3/Singleton_MEng_Year_3_Project/3-Development/FISC/rtl/stage5_writeback.vhd     ;         ;
; ../../../../../rtl/stage4_memory_access.vhd ; yes             ; User VHDL File  ; C:/Users/Miguel/Dropbox/University_Modules/Computer_Systems_Engineering_-_Year_3/Singleton_MEng_Year_3_Project/3-Development/FISC/rtl/stage4_memory_access.vhd ;         ;
; ../../../../../rtl/stage3_execute.vhd       ; yes             ; User VHDL File  ; C:/Users/Miguel/Dropbox/University_Modules/Computer_Systems_Engineering_-_Year_3/Singleton_MEng_Year_3_Project/3-Development/FISC/rtl/stage3_execute.vhd       ;         ;
; ../../../../../rtl/alu.vhd                  ; yes             ; User VHDL File  ; C:/Users/Miguel/Dropbox/University_Modules/Computer_Systems_Engineering_-_Year_3/Singleton_MEng_Year_3_Project/3-Development/FISC/rtl/alu.vhd                  ;         ;
; ../../../../../rtl/registers.vhd            ; yes             ; User VHDL File  ; C:/Users/Miguel/Dropbox/University_Modules/Computer_Systems_Engineering_-_Year_3/Singleton_MEng_Year_3_Project/3-Development/FISC/rtl/registers.vhd            ;         ;
; ../../../../../rtl/instruction_memory.vhd   ; yes             ; User VHDL File  ; C:/Users/Miguel/Dropbox/University_Modules/Computer_Systems_Engineering_-_Year_3/Singleton_MEng_Year_3_Project/3-Development/FISC/rtl/instruction_memory.vhd   ;         ;
; ../../../../../rtl/top_synth.vhd            ; yes             ; User VHDL File  ; C:/Users/Miguel/Dropbox/University_Modules/Computer_Systems_Engineering_-_Year_3/Singleton_MEng_Year_3_Project/3-Development/FISC/rtl/top_synth.vhd            ;         ;
; ../../../../../rtl/stage2_decode.vhd        ; yes             ; User VHDL File  ; C:/Users/Miguel/Dropbox/University_Modules/Computer_Systems_Engineering_-_Year_3/Singleton_MEng_Year_3_Project/3-Development/FISC/rtl/stage2_decode.vhd        ;         ;
; ../../../../../rtl/stage1_fetch.vhd         ; yes             ; User VHDL File  ; C:/Users/Miguel/Dropbox/University_Modules/Computer_Systems_Engineering_-_Year_3/Singleton_MEng_Year_3_Project/3-Development/FISC/rtl/stage1_fetch.vhd         ;         ;
; ../../../../../rtl/microcode.vhd            ; yes             ; User VHDL File  ; C:/Users/Miguel/Dropbox/University_Modules/Computer_Systems_Engineering_-_Year_3/Singleton_MEng_Year_3_Project/3-Development/FISC/rtl/microcode.vhd            ;         ;
; ../../../../../rtl/fisc.vhd                 ; yes             ; User VHDL File  ; C:/Users/Miguel/Dropbox/University_Modules/Computer_Systems_Engineering_-_Year_3/Singleton_MEng_Year_3_Project/3-Development/FISC/rtl/fisc.vhd                 ;         ;
; ../../../../../rtl/defines.vhd              ; yes             ; User VHDL File  ; C:/Users/Miguel/Dropbox/University_Modules/Computer_Systems_Engineering_-_Year_3/Singleton_MEng_Year_3_Project/3-Development/FISC/rtl/defines.vhd              ;         ;
+---------------------------------------------+-----------------+-----------------+----------------------------------------------------------------------------------------------------------------------------------------------------------------+---------+


+-----------------------------------------------------+
; Analysis & Synthesis Resource Usage Summary         ;
+---------------------------------------------+-------+
; Resource                                    ; Usage ;
+---------------------------------------------+-------+
;                                             ;       ;
; Total combinational functions               ; 0     ;
; Logic element usage by number of LUT inputs ;       ;
;     -- 4 input functions                    ; 0     ;
;     -- 3 input functions                    ; 0     ;
;     -- <=2 input functions                  ; 0     ;
;                                             ;       ;
; Logic elements by mode                      ;       ;
;     -- normal mode                          ; 0     ;
;     -- arithmetic mode                      ; 0     ;
;                                             ;       ;
; Total registers                             ; 0     ;
;     -- Dedicated logic registers            ; 0     ;
;     -- I/O registers                        ; 0     ;
;                                             ;       ;
; I/O pins                                    ; 2     ;
;                                             ;       ;
; Embedded Multiplier 9-bit elements          ; 0     ;
;                                             ;       ;
; Maximum fan-out node                        ; CLK   ;
; Maximum fan-out                             ; 1     ;
; Total fan-out                               ; 2     ;
; Average fan-out                             ; 0.50  ;
+---------------------------------------------+-------+


+-------------------------------------------------------------------------------------------------------------------------------------------------------------------------------------------+
; Analysis & Synthesis Resource Utilization by Entity                                                                                                                                       ;
+----------------------------+-------------------+--------------+-------------+--------------+---------+-----------+------+--------------+---------------------+-------------+--------------+
; Compilation Hierarchy Node ; LC Combinationals ; LC Registers ; Memory Bits ; DSP Elements ; DSP 9x9 ; DSP 18x18 ; Pins ; Virtual Pins ; Full Hierarchy Name ; Entity Name ; Library Name ;
+----------------------------+-------------------+--------------+-------------+--------------+---------+-----------+------+--------------+---------------------+-------------+--------------+
; |top_synth                 ; 0 (0)             ; 0 (0)        ; 0           ; 0            ; 0       ; 0         ; 2    ; 0            ; |top_synth          ; top_synth   ; work         ;
+----------------------------+-------------------+--------------+-------------+--------------+---------+-----------+------+--------------+---------------------+-------------+--------------+
Note: For table entries with two numbers listed, the numbers in parentheses indicate the number of resources of the given type used by the specific entity alone. The numbers listed outside of parentheses indicate the total resources of the given type used by the specific entity and all of its sub-entities in the hierarchy.


+------------------------------------------------------+
; General Register Statistics                          ;
+----------------------------------------------+-------+
; Statistic                                    ; Value ;
+----------------------------------------------+-------+
; Total registers                              ; 0     ;
; Number of registers using Synchronous Clear  ; 0     ;
; Number of registers using Synchronous Load   ; 0     ;
; Number of registers using Asynchronous Clear ; 0     ;
; Number of registers using Asynchronous Load  ; 0     ;
; Number of registers using Clock Enable       ; 0     ;
; Number of registers using Preset             ; 0     ;
+----------------------------------------------+-------+


+--------------------------------------------------------------------------------+
; Port Connectivity Checks: "FISC:FISC1|Stage3_Execute:Stage3_Execute1|ALU:ALU1" ;
+---------+-------+----------+---------------------------------------------------+
; Port    ; Type  ; Severity ; Details                                           ;
+---------+-------+----------+---------------------------------------------------+
; func[3] ; Input ; Info     ; Stuck at GND                                      ;
+---------+-------+----------+---------------------------------------------------+


+--------------------------------------------------------------------------------------------------------------------+
; Port Connectivity Checks: "FISC:FISC1|Stage3_Execute:Stage3_Execute1"                                              ;
+----------+--------+----------+-------------------------------------------------------------------------------------+
; Port     ; Type   ; Severity ; Details                                                                             ;
+----------+--------+----------+-------------------------------------------------------------------------------------+
; alu_zero ; Output ; Info     ; Connected to dangling logic. Logic that only feeds a dangling port will be removed. ;
+----------+--------+----------+-------------------------------------------------------------------------------------+


+----------------------------------------------------------------------------------------------------------------------------------+
; Port Connectivity Checks: "FISC:FISC1|Stage2_Decode:Stage2_Decode1"                                                              ;
+------------------------+--------+----------+-------------------------------------------------------------------------------------+
; Port                   ; Type   ; Severity ; Details                                                                             ;
+------------------------+--------+----------+-------------------------------------------------------------------------------------+
; microcode_ctrl[32..10] ; Output ; Info     ; Connected to dangling logic. Logic that only feeds a dangling port will be removed. ;
+------------------------+--------+----------+-------------------------------------------------------------------------------------+


+-------------------------------------------------------------------+
; Port Connectivity Checks: "FISC:FISC1|Stage1_Fetch:Stage1_Fetch1" ;
+-------+-------+----------+----------------------------------------+
; Port  ; Type  ; Severity ; Details                                ;
+-------+-------+----------+----------------------------------------+
; reset ; Input ; Info     ; Stuck at GND                           ;
+-------+-------+----------+----------------------------------------+


+-----------------------------------------------------+
; Post-Synthesis Netlist Statistics for Top Partition ;
+-------------------+---------------------------------+
; Type              ; Count                           ;
+-------------------+---------------------------------+
; boundary_port     ; 2                               ;
;                   ;                                 ;
; Max LUT depth     ; 0.00                            ;
; Average LUT depth ; 0.00                            ;
+-------------------+---------------------------------+


+-------------------------------+
; Elapsed Time Per Partition    ;
+----------------+--------------+
; Partition Name ; Elapsed Time ;
+----------------+--------------+
; Top            ; 00:00:02     ;
+----------------+--------------+


+-------------------------------+
; Analysis & Synthesis Messages ;
+-------------------------------+
Info: *******************************************************************
Info: Running Quartus Prime Analysis & Synthesis
    Info: Version 16.0.0 Build 211 04/27/2016 SJ Lite Edition
    Info: Processing started: Tue Oct 11 03:04:59 2016
Info: Command: quartus_map --read_settings_files=on --write_settings_files=off FISC -c top
Warning (20028): Parallel compilation is not licensed and has been disabled
Info (12021): Found 2 design units, including 1 entities, in source file /users/miguel/dropbox/university_modules/computer_systems_engineering_-_year_3/singleton_meng_year_3_project/3-development/fisc/rtl/stage5_writeback.vhd
    Info (12022): Found design unit 1: Stage5_Writeback-RTL File: C:/Users/Miguel/Dropbox/University_Modules/Computer_Systems_Engineering_-_Year_3/Singleton_MEng_Year_3_Project/3-Development/FISC/rtl/stage5_writeback.vhd Line: 15
    Info (12023): Found entity 1: Stage5_Writeback File: C:/Users/Miguel/Dropbox/University_Modules/Computer_Systems_Engineering_-_Year_3/Singleton_MEng_Year_3_Project/3-Development/FISC/rtl/stage5_writeback.vhd Line: 5
Info (12021): Found 4 design units, including 2 entities, in source file /users/miguel/dropbox/university_modules/computer_systems_engineering_-_year_3/singleton_meng_year_3_project/3-development/fisc/rtl/stage4_memory_access.vhd
    Info (12022): Found design unit 1: Data_Memory-RTL File: C:/Users/Miguel/Dropbox/University_Modules/Computer_Systems_Engineering_-_Year_3/Singleton_MEng_Year_3_Project/3-Development/FISC/rtl/stage4_memory_access.vhd Line: 21
    Info (12022): Found design unit 2: Stage4_Memory_Access-RTL File: C:/Users/Miguel/Dropbox/University_Modules/Computer_Systems_Engineering_-_Year_3/Singleton_MEng_Year_3_Project/3-Development/FISC/rtl/stage4_memory_access.vhd Line: 93
    Info (12023): Found entity 1: Data_Memory File: C:/Users/Miguel/Dropbox/University_Modules/Computer_Systems_Engineering_-_Year_3/Singleton_MEng_Year_3_Project/3-Development/FISC/rtl/stage4_memory_access.vhd Line: 11
    Info (12023): Found entity 2: Stage4_Memory_Access File: C:/Users/Miguel/Dropbox/University_Modules/Computer_Systems_Engineering_-_Year_3/Singleton_MEng_Year_3_Project/3-Development/FISC/rtl/stage4_memory_access.vhd Line: 83
Info (12021): Found 2 design units, including 1 entities, in source file /users/miguel/dropbox/university_modules/computer_systems_engineering_-_year_3/singleton_meng_year_3_project/3-development/fisc/rtl/stage3_execute.vhd
    Info (12022): Found design unit 1: Stage3_Execute-RTL File: C:/Users/Miguel/Dropbox/University_Modules/Computer_Systems_Engineering_-_Year_3/Singleton_MEng_Year_3_Project/3-Development/FISC/rtl/stage3_execute.vhd Line: 22
    Info (12023): Found entity 1: Stage3_Execute File: C:/Users/Miguel/Dropbox/University_Modules/Computer_Systems_Engineering_-_Year_3/Singleton_MEng_Year_3_Project/3-Development/FISC/rtl/stage3_execute.vhd Line: 8
Info (12021): Found 2 design units, including 1 entities, in source file /users/miguel/dropbox/university_modules/computer_systems_engineering_-_year_3/singleton_meng_year_3_project/3-development/fisc/rtl/alu.vhd
    Info (12022): Found design unit 1: ALU-RTL File: C:/Users/Miguel/Dropbox/University_Modules/Computer_Systems_Engineering_-_Year_3/Singleton_MEng_Year_3_Project/3-Development/FISC/rtl/alu.vhd Line: 18
    Info (12023): Found entity 1: ALU File: C:/Users/Miguel/Dropbox/University_Modules/Computer_Systems_Engineering_-_Year_3/Singleton_MEng_Year_3_Project/3-Development/FISC/rtl/alu.vhd Line: 7
Info (12021): Found 2 design units, including 1 entities, in source file /users/miguel/dropbox/university_modules/computer_systems_engineering_-_year_3/singleton_meng_year_3_project/3-development/fisc/rtl/registers.vhd
    Info (12022): Found design unit 1: RegFile-RTL File: C:/Users/Miguel/Dropbox/University_Modules/Computer_Systems_Engineering_-_Year_3/Singleton_MEng_Year_3_Project/3-Development/FISC/rtl/registers.vhd Line: 20
    Info (12023): Found entity 1: RegFile File: C:/Users/Miguel/Dropbox/University_Modules/Computer_Systems_Engineering_-_Year_3/Singleton_MEng_Year_3_Project/3-Development/FISC/rtl/registers.vhd Line: 8
Info (12021): Found 2 design units, including 1 entities, in source file /users/miguel/dropbox/university_modules/computer_systems_engineering_-_year_3/singleton_meng_year_3_project/3-development/fisc/rtl/instruction_memory.vhd
    Info (12022): Found design unit 1: Instruction_Memory-RTL File: C:/Users/Miguel/Dropbox/University_Modules/Computer_Systems_Engineering_-_Year_3/Singleton_MEng_Year_3_Project/3-Development/FISC/rtl/instruction_memory.vhd Line: 18
    Info (12023): Found entity 1: Instruction_Memory File: C:/Users/Miguel/Dropbox/University_Modules/Computer_Systems_Engineering_-_Year_3/Singleton_MEng_Year_3_Project/3-Development/FISC/rtl/instruction_memory.vhd Line: 11
Info (12021): Found 2 design units, including 1 entities, in source file /users/miguel/dropbox/university_modules/computer_systems_engineering_-_year_3/singleton_meng_year_3_project/3-development/fisc/rtl/top_synth.vhd
    Info (12022): Found design unit 1: top_synth-RTL File: C:/Users/Miguel/Dropbox/University_Modules/Computer_Systems_Engineering_-_Year_3/Singleton_MEng_Year_3_Project/3-Development/FISC/rtl/top_synth.vhd Line: 12
    Info (12023): Found entity 1: top_synth File: C:/Users/Miguel/Dropbox/University_Modules/Computer_Systems_Engineering_-_Year_3/Singleton_MEng_Year_3_Project/3-Development/FISC/rtl/top_synth.vhd Line: 5
Info (12021): Found 2 design units, including 1 entities, in source file /users/miguel/dropbox/university_modules/computer_systems_engineering_-_year_3/singleton_meng_year_3_project/3-development/fisc/rtl/stage2_decode.vhd
    Info (12022): Found design unit 1: Stage2_Decode-RTL File: C:/Users/Miguel/Dropbox/University_Modules/Computer_Systems_Engineering_-_Year_3/Singleton_MEng_Year_3_Project/3-Development/FISC/rtl/stage2_decode.vhd Line: 26
    Info (12023): Found entity 1: Stage2_Decode File: C:/Users/Miguel/Dropbox/University_Modules/Computer_Systems_Engineering_-_Year_3/Singleton_MEng_Year_3_Project/3-Development/FISC/rtl/stage2_decode.vhd Line: 8
Info (12021): Found 4 design units, including 2 entities, in source file /users/miguel/dropbox/university_modules/computer_systems_engineering_-_year_3/singleton_meng_year_3_project/3-development/fisc/rtl/stage1_fetch.vhd
    Info (12022): Found design unit 1: Program_Counter-RTL File: C:/Users/Miguel/Dropbox/University_Modules/Computer_Systems_Engineering_-_Year_3/Singleton_MEng_Year_3_Project/3-Development/FISC/rtl/stage1_fetch.vhd Line: 16
    Info (12022): Found design unit 2: Stage1_Fetch-RTL File: C:/Users/Miguel/Dropbox/University_Modules/Computer_Systems_Engineering_-_Year_3/Singleton_MEng_Year_3_Project/3-Development/FISC/rtl/stage1_fetch.vhd Line: 51
    Info (12023): Found entity 1: Program_Counter File: C:/Users/Miguel/Dropbox/University_Modules/Computer_Systems_Engineering_-_Year_3/Singleton_MEng_Year_3_Project/3-Development/FISC/rtl/stage1_fetch.vhd Line: 6
    Info (12023): Found entity 2: Stage1_Fetch File: C:/Users/Miguel/Dropbox/University_Modules/Computer_Systems_Engineering_-_Year_3/Singleton_MEng_Year_3_Project/3-Development/FISC/rtl/stage1_fetch.vhd Line: 38
Info (12021): Found 2 design units, including 1 entities, in source file /users/miguel/dropbox/university_modules/computer_systems_engineering_-_year_3/singleton_meng_year_3_project/3-development/fisc/rtl/microcode.vhd
    Info (12022): Found design unit 1: Microcode-RTL File: C:/Users/Miguel/Dropbox/University_Modules/Computer_Systems_Engineering_-_Year_3/Singleton_MEng_Year_3_Project/3-Development/FISC/rtl/microcode.vhd Line: 17
    Info (12023): Found entity 1: Microcode File: C:/Users/Miguel/Dropbox/University_Modules/Computer_Systems_Engineering_-_Year_3/Singleton_MEng_Year_3_Project/3-Development/FISC/rtl/microcode.vhd Line: 7
Info (12021): Found 2 design units, including 1 entities, in source file /users/miguel/dropbox/university_modules/computer_systems_engineering_-_year_3/singleton_meng_year_3_project/3-development/fisc/rtl/fisc.vhd
    Info (12022): Found design unit 1: FISC-RTL File: C:/Users/Miguel/Dropbox/University_Modules/Computer_Systems_Engineering_-_Year_3/Singleton_MEng_Year_3_Project/3-Development/FISC/rtl/fisc.vhd Line: 12
    Info (12023): Found entity 1: FISC File: C:/Users/Miguel/Dropbox/University_Modules/Computer_Systems_Engineering_-_Year_3/Singleton_MEng_Year_3_Project/3-Development/FISC/rtl/fisc.vhd Line: 5
Info (12021): Found 1 design units, including 0 entities, in source file /users/miguel/dropbox/university_modules/computer_systems_engineering_-_year_3/singleton_meng_year_3_project/3-development/fisc/rtl/defines.vhd
    Info (12022): Found design unit 1: FISC_DEFINES File: C:/Users/Miguel/Dropbox/University_Modules/Computer_Systems_Engineering_-_Year_3/Singleton_MEng_Year_3_Project/3-Development/FISC/rtl/defines.vhd Line: 5
Info (12127): Elaborating entity "top_synth" for the top level hierarchy
Info (12128): Elaborating entity "FISC" for hierarchy "FISC:FISC1" File: C:/Users/Miguel/Dropbox/University_Modules/Computer_Systems_Engineering_-_Year_3/Singleton_MEng_Year_3_Project/3-Development/FISC/rtl/top_synth.vhd Line: 16
Warning (10540): VHDL Signal Declaration warning at fisc.vhd(20): used explicit default value for signal "if_reset_pc" because signal was never assigned a value File: C:/Users/Miguel/Dropbox/University_Modules/Computer_Systems_Engineering_-_Year_3/Singleton_MEng_Year_3_Project/3-Development/FISC/rtl/fisc.vhd Line: 20
Warning (10036): Verilog HDL or VHDL warning at fisc.vhd(38): object "ex_alu_zero" assigned a value but never read File: C:/Users/Miguel/Dropbox/University_Modules/Computer_Systems_Engineering_-_Year_3/Singleton_MEng_Year_3_Project/3-Development/FISC/rtl/fisc.vhd Line: 38
Warning (10492): VHDL Process Statement warning at fisc.vhd(82): signal "id_microcode_ctrl" is read inside the Process Statement but isn't in the Process Statement's sensitivity list File: C:/Users/Miguel/Dropbox/University_Modules/Computer_Systems_Engineering_-_Year_3/Singleton_MEng_Year_3_Project/3-Development/FISC/rtl/fisc.vhd Line: 82
Warning (10631): VHDL Process Statement warning at fisc.vhd(77): inferring latch(es) for signal or variable "id_sos", which holds its previous value in one or more paths through the process File: C:/Users/Miguel/Dropbox/University_Modules/Computer_Systems_Engineering_-_Year_3/Singleton_MEng_Year_3_Project/3-Development/FISC/rtl/fisc.vhd Line: 77
Info (10041): Inferred latch for "id_sos" at fisc.vhd(77) File: C:/Users/Miguel/Dropbox/University_Modules/Computer_Systems_Engineering_-_Year_3/Singleton_MEng_Year_3_Project/3-Development/FISC/rtl/fisc.vhd Line: 77
Info (12128): Elaborating entity "Stage1_Fetch" for hierarchy "FISC:FISC1|Stage1_Fetch:Stage1_Fetch1" File: C:/Users/Miguel/Dropbox/University_Modules/Computer_Systems_Engineering_-_Year_3/Singleton_MEng_Year_3_Project/3-Development/FISC/rtl/fisc.vhd Line: 54
Info (12128): Elaborating entity "Program_Counter" for hierarchy "FISC:FISC1|Stage1_Fetch:Stage1_Fetch1|Program_Counter:Program_Counter1" File: C:/Users/Miguel/Dropbox/University_Modules/Computer_Systems_Engineering_-_Year_3/Singleton_MEng_Year_3_Project/3-Development/FISC/rtl/stage1_fetch.vhd Line: 73
Info (12128): Elaborating entity "Instruction_Memory" for hierarchy "FISC:FISC1|Stage1_Fetch:Stage1_Fetch1|Instruction_Memory:Instruction_Memory1" File: C:/Users/Miguel/Dropbox/University_Modules/Computer_Systems_Engineering_-_Year_3/Singleton_MEng_Year_3_Project/3-Development/FISC/rtl/stage1_fetch.vhd Line: 74
Warning (10540): VHDL Signal Declaration warning at instruction_memory.vhd(40): used explicit default value for signal "imem" because signal was never assigned a value File: C:/Users/Miguel/Dropbox/University_Modules/Computer_Systems_Engineering_-_Year_3/Singleton_MEng_Year_3_Project/3-Development/FISC/rtl/instruction_memory.vhd Line: 40
Info (12128): Elaborating entity "Stage2_Decode" for hierarchy "FISC:FISC1|Stage2_Decode:Stage2_Decode1" File: C:/Users/Miguel/Dropbox/University_Modules/Computer_Systems_Engineering_-_Year_3/Singleton_MEng_Year_3_Project/3-Development/FISC/rtl/fisc.vhd Line: 56
Warning (10540): VHDL Signal Declaration warning at stage2_decode.vhd(40): used explicit default value for signal "branch_flag" because signal was never assigned a value File: C:/Users/Miguel/Dropbox/University_Modules/Computer_Systems_Engineering_-_Year_3/Singleton_MEng_Year_3_Project/3-Development/FISC/rtl/stage2_decode.vhd Line: 40
Warning (10036): Verilog HDL or VHDL warning at stage2_decode.vhd(42): object "reg2_zero_flag" assigned a value but never read File: C:/Users/Miguel/Dropbox/University_Modules/Computer_Systems_Engineering_-_Year_3/Singleton_MEng_Year_3_Project/3-Development/FISC/rtl/stage2_decode.vhd Line: 42
Info (10041): Inferred latch for "sign_ext_reg[0]" at stage2_decode.vhd(65) File: C:/Users/Miguel/Dropbox/University_Modules/Computer_Systems_Engineering_-_Year_3/Singleton_MEng_Year_3_Project/3-Development/FISC/rtl/stage2_decode.vhd Line: 65
Info (10041): Inferred latch for "sign_ext_reg[1]" at stage2_decode.vhd(65) File: C:/Users/Miguel/Dropbox/University_Modules/Computer_Systems_Engineering_-_Year_3/Singleton_MEng_Year_3_Project/3-Development/FISC/rtl/stage2_decode.vhd Line: 65
Info (10041): Inferred latch for "sign_ext_reg[2]" at stage2_decode.vhd(65) File: C:/Users/Miguel/Dropbox/University_Modules/Computer_Systems_Engineering_-_Year_3/Singleton_MEng_Year_3_Project/3-Development/FISC/rtl/stage2_decode.vhd Line: 65
Info (10041): Inferred latch for "sign_ext_reg[3]" at stage2_decode.vhd(65) File: C:/Users/Miguel/Dropbox/University_Modules/Computer_Systems_Engineering_-_Year_3/Singleton_MEng_Year_3_Project/3-Development/FISC/rtl/stage2_decode.vhd Line: 65
Info (10041): Inferred latch for "sign_ext_reg[4]" at stage2_decode.vhd(65) File: C:/Users/Miguel/Dropbox/University_Modules/Computer_Systems_Engineering_-_Year_3/Singleton_MEng_Year_3_Project/3-Development/FISC/rtl/stage2_decode.vhd Line: 65
Info (10041): Inferred latch for "sign_ext_reg[5]" at stage2_decode.vhd(65) File: C:/Users/Miguel/Dropbox/University_Modules/Computer_Systems_Engineering_-_Year_3/Singleton_MEng_Year_3_Project/3-Development/FISC/rtl/stage2_decode.vhd Line: 65
Info (10041): Inferred latch for "sign_ext_reg[6]" at stage2_decode.vhd(65) File: C:/Users/Miguel/Dropbox/University_Modules/Computer_Systems_Engineering_-_Year_3/Singleton_MEng_Year_3_Project/3-Development/FISC/rtl/stage2_decode.vhd Line: 65
Info (10041): Inferred latch for "sign_ext_reg[7]" at stage2_decode.vhd(65) File: C:/Users/Miguel/Dropbox/University_Modules/Computer_Systems_Engineering_-_Year_3/Singleton_MEng_Year_3_Project/3-Development/FISC/rtl/stage2_decode.vhd Line: 65
Info (10041): Inferred latch for "sign_ext_reg[8]" at stage2_decode.vhd(65) File: C:/Users/Miguel/Dropbox/University_Modules/Computer_Systems_Engineering_-_Year_3/Singleton_MEng_Year_3_Project/3-Development/FISC/rtl/stage2_decode.vhd Line: 65
Info (10041): Inferred latch for "sign_ext_reg[9]" at stage2_decode.vhd(65) File: C:/Users/Miguel/Dropbox/University_Modules/Computer_Systems_Engineering_-_Year_3/Singleton_MEng_Year_3_Project/3-Development/FISC/rtl/stage2_decode.vhd Line: 65
Info (10041): Inferred latch for "sign_ext_reg[10]" at stage2_decode.vhd(65) File: C:/Users/Miguel/Dropbox/University_Modules/Computer_Systems_Engineering_-_Year_3/Singleton_MEng_Year_3_Project/3-Development/FISC/rtl/stage2_decode.vhd Line: 65
Info (10041): Inferred latch for "sign_ext_reg[11]" at stage2_decode.vhd(65) File: C:/Users/Miguel/Dropbox/University_Modules/Computer_Systems_Engineering_-_Year_3/Singleton_MEng_Year_3_Project/3-Development/FISC/rtl/stage2_decode.vhd Line: 65
Info (10041): Inferred latch for "sign_ext_reg[12]" at stage2_decode.vhd(65) File: C:/Users/Miguel/Dropbox/University_Modules/Computer_Systems_Engineering_-_Year_3/Singleton_MEng_Year_3_Project/3-Development/FISC/rtl/stage2_decode.vhd Line: 65
Info (10041): Inferred latch for "sign_ext_reg[13]" at stage2_decode.vhd(65) File: C:/Users/Miguel/Dropbox/University_Modules/Computer_Systems_Engineering_-_Year_3/Singleton_MEng_Year_3_Project/3-Development/FISC/rtl/stage2_decode.vhd Line: 65
Info (10041): Inferred latch for "sign_ext_reg[14]" at stage2_decode.vhd(65) File: C:/Users/Miguel/Dropbox/University_Modules/Computer_Systems_Engineering_-_Year_3/Singleton_MEng_Year_3_Project/3-Development/FISC/rtl/stage2_decode.vhd Line: 65
Info (10041): Inferred latch for "sign_ext_reg[15]" at stage2_decode.vhd(65) File: C:/Users/Miguel/Dropbox/University_Modules/Computer_Systems_Engineering_-_Year_3/Singleton_MEng_Year_3_Project/3-Development/FISC/rtl/stage2_decode.vhd Line: 65
Info (10041): Inferred latch for "sign_ext_reg[16]" at stage2_decode.vhd(65) File: C:/Users/Miguel/Dropbox/University_Modules/Computer_Systems_Engineering_-_Year_3/Singleton_MEng_Year_3_Project/3-Development/FISC/rtl/stage2_decode.vhd Line: 65
Info (10041): Inferred latch for "sign_ext_reg[17]" at stage2_decode.vhd(65) File: C:/Users/Miguel/Dropbox/University_Modules/Computer_Systems_Engineering_-_Year_3/Singleton_MEng_Year_3_Project/3-Development/FISC/rtl/stage2_decode.vhd Line: 65
Info (10041): Inferred latch for "sign_ext_reg[18]" at stage2_decode.vhd(65) File: C:/Users/Miguel/Dropbox/University_Modules/Computer_Systems_Engineering_-_Year_3/Singleton_MEng_Year_3_Project/3-Development/FISC/rtl/stage2_decode.vhd Line: 65
Info (10041): Inferred latch for "sign_ext_reg[19]" at stage2_decode.vhd(65) File: C:/Users/Miguel/Dropbox/University_Modules/Computer_Systems_Engineering_-_Year_3/Singleton_MEng_Year_3_Project/3-Development/FISC/rtl/stage2_decode.vhd Line: 65
Info (10041): Inferred latch for "sign_ext_reg[20]" at stage2_decode.vhd(65) File: C:/Users/Miguel/Dropbox/University_Modules/Computer_Systems_Engineering_-_Year_3/Singleton_MEng_Year_3_Project/3-Development/FISC/rtl/stage2_decode.vhd Line: 65
Info (10041): Inferred latch for "sign_ext_reg[21]" at stage2_decode.vhd(65) File: C:/Users/Miguel/Dropbox/University_Modules/Computer_Systems_Engineering_-_Year_3/Singleton_MEng_Year_3_Project/3-Development/FISC/rtl/stage2_decode.vhd Line: 65
Info (10041): Inferred latch for "sign_ext_reg[22]" at stage2_decode.vhd(65) File: C:/Users/Miguel/Dropbox/University_Modules/Computer_Systems_Engineering_-_Year_3/Singleton_MEng_Year_3_Project/3-Development/FISC/rtl/stage2_decode.vhd Line: 65
Info (10041): Inferred latch for "sign_ext_reg[23]" at stage2_decode.vhd(65) File: C:/Users/Miguel/Dropbox/University_Modules/Computer_Systems_Engineering_-_Year_3/Singleton_MEng_Year_3_Project/3-Development/FISC/rtl/stage2_decode.vhd Line: 65
Info (10041): Inferred latch for "sign_ext_reg[24]" at stage2_decode.vhd(65) File: C:/Users/Miguel/Dropbox/University_Modules/Computer_Systems_Engineering_-_Year_3/Singleton_MEng_Year_3_Project/3-Development/FISC/rtl/stage2_decode.vhd Line: 65
Info (10041): Inferred latch for "sign_ext_reg[25]" at stage2_decode.vhd(65) File: C:/Users/Miguel/Dropbox/University_Modules/Computer_Systems_Engineering_-_Year_3/Singleton_MEng_Year_3_Project/3-Development/FISC/rtl/stage2_decode.vhd Line: 65
Info (10041): Inferred latch for "sign_ext_reg[26]" at stage2_decode.vhd(65) File: C:/Users/Miguel/Dropbox/University_Modules/Computer_Systems_Engineering_-_Year_3/Singleton_MEng_Year_3_Project/3-Development/FISC/rtl/stage2_decode.vhd Line: 65
Info (10041): Inferred latch for "sign_ext_reg[27]" at stage2_decode.vhd(65) File: C:/Users/Miguel/Dropbox/University_Modules/Computer_Systems_Engineering_-_Year_3/Singleton_MEng_Year_3_Project/3-Development/FISC/rtl/stage2_decode.vhd Line: 65
Info (10041): Inferred latch for "sign_ext_reg[28]" at stage2_decode.vhd(65) File: C:/Users/Miguel/Dropbox/University_Modules/Computer_Systems_Engineering_-_Year_3/Singleton_MEng_Year_3_Project/3-Development/FISC/rtl/stage2_decode.vhd Line: 65
Info (10041): Inferred latch for "sign_ext_reg[29]" at stage2_decode.vhd(65) File: C:/Users/Miguel/Dropbox/University_Modules/Computer_Systems_Engineering_-_Year_3/Singleton_MEng_Year_3_Project/3-Development/FISC/rtl/stage2_decode.vhd Line: 65
Info (10041): Inferred latch for "sign_ext_reg[30]" at stage2_decode.vhd(65) File: C:/Users/Miguel/Dropbox/University_Modules/Computer_Systems_Engineering_-_Year_3/Singleton_MEng_Year_3_Project/3-Development/FISC/rtl/stage2_decode.vhd Line: 65
Info (10041): Inferred latch for "sign_ext_reg[31]" at stage2_decode.vhd(65) File: C:/Users/Miguel/Dropbox/University_Modules/Computer_Systems_Engineering_-_Year_3/Singleton_MEng_Year_3_Project/3-Development/FISC/rtl/stage2_decode.vhd Line: 65
Info (10041): Inferred latch for "sign_ext_reg[32]" at stage2_decode.vhd(65) File: C:/Users/Miguel/Dropbox/University_Modules/Computer_Systems_Engineering_-_Year_3/Singleton_MEng_Year_3_Project/3-Development/FISC/rtl/stage2_decode.vhd Line: 65
Info (10041): Inferred latch for "sign_ext_reg[33]" at stage2_decode.vhd(65) File: C:/Users/Miguel/Dropbox/University_Modules/Computer_Systems_Engineering_-_Year_3/Singleton_MEng_Year_3_Project/3-Development/FISC/rtl/stage2_decode.vhd Line: 65
Info (10041): Inferred latch for "sign_ext_reg[34]" at stage2_decode.vhd(65) File: C:/Users/Miguel/Dropbox/University_Modules/Computer_Systems_Engineering_-_Year_3/Singleton_MEng_Year_3_Project/3-Development/FISC/rtl/stage2_decode.vhd Line: 65
Info (10041): Inferred latch for "sign_ext_reg[35]" at stage2_decode.vhd(65) File: C:/Users/Miguel/Dropbox/University_Modules/Computer_Systems_Engineering_-_Year_3/Singleton_MEng_Year_3_Project/3-Development/FISC/rtl/stage2_decode.vhd Line: 65
Info (10041): Inferred latch for "sign_ext_reg[36]" at stage2_decode.vhd(65) File: C:/Users/Miguel/Dropbox/University_Modules/Computer_Systems_Engineering_-_Year_3/Singleton_MEng_Year_3_Project/3-Development/FISC/rtl/stage2_decode.vhd Line: 65
Info (10041): Inferred latch for "sign_ext_reg[37]" at stage2_decode.vhd(65) File: C:/Users/Miguel/Dropbox/University_Modules/Computer_Systems_Engineering_-_Year_3/Singleton_MEng_Year_3_Project/3-Development/FISC/rtl/stage2_decode.vhd Line: 65
Info (10041): Inferred latch for "sign_ext_reg[38]" at stage2_decode.vhd(65) File: C:/Users/Miguel/Dropbox/University_Modules/Computer_Systems_Engineering_-_Year_3/Singleton_MEng_Year_3_Project/3-Development/FISC/rtl/stage2_decode.vhd Line: 65
Info (10041): Inferred latch for "sign_ext_reg[39]" at stage2_decode.vhd(65) File: C:/Users/Miguel/Dropbox/University_Modules/Computer_Systems_Engineering_-_Year_3/Singleton_MEng_Year_3_Project/3-Development/FISC/rtl/stage2_decode.vhd Line: 65
Info (10041): Inferred latch for "sign_ext_reg[40]" at stage2_decode.vhd(65) File: C:/Users/Miguel/Dropbox/University_Modules/Computer_Systems_Engineering_-_Year_3/Singleton_MEng_Year_3_Project/3-Development/FISC/rtl/stage2_decode.vhd Line: 65
Info (10041): Inferred latch for "sign_ext_reg[41]" at stage2_decode.vhd(65) File: C:/Users/Miguel/Dropbox/University_Modules/Computer_Systems_Engineering_-_Year_3/Singleton_MEng_Year_3_Project/3-Development/FISC/rtl/stage2_decode.vhd Line: 65
Info (10041): Inferred latch for "sign_ext_reg[42]" at stage2_decode.vhd(65) File: C:/Users/Miguel/Dropbox/University_Modules/Computer_Systems_Engineering_-_Year_3/Singleton_MEng_Year_3_Project/3-Development/FISC/rtl/stage2_decode.vhd Line: 65
Info (10041): Inferred latch for "sign_ext_reg[43]" at stage2_decode.vhd(65) File: C:/Users/Miguel/Dropbox/University_Modules/Computer_Systems_Engineering_-_Year_3/Singleton_MEng_Year_3_Project/3-Development/FISC/rtl/stage2_decode.vhd Line: 65
Info (10041): Inferred latch for "sign_ext_reg[44]" at stage2_decode.vhd(65) File: C:/Users/Miguel/Dropbox/University_Modules/Computer_Systems_Engineering_-_Year_3/Singleton_MEng_Year_3_Project/3-Development/FISC/rtl/stage2_decode.vhd Line: 65
Info (10041): Inferred latch for "sign_ext_reg[45]" at stage2_decode.vhd(65) File: C:/Users/Miguel/Dropbox/University_Modules/Computer_Systems_Engineering_-_Year_3/Singleton_MEng_Year_3_Project/3-Development/FISC/rtl/stage2_decode.vhd Line: 65
Info (10041): Inferred latch for "sign_ext_reg[46]" at stage2_decode.vhd(65) File: C:/Users/Miguel/Dropbox/University_Modules/Computer_Systems_Engineering_-_Year_3/Singleton_MEng_Year_3_Project/3-Development/FISC/rtl/stage2_decode.vhd Line: 65
Info (10041): Inferred latch for "sign_ext_reg[47]" at stage2_decode.vhd(65) File: C:/Users/Miguel/Dropbox/University_Modules/Computer_Systems_Engineering_-_Year_3/Singleton_MEng_Year_3_Project/3-Development/FISC/rtl/stage2_decode.vhd Line: 65
Info (10041): Inferred latch for "sign_ext_reg[48]" at stage2_decode.vhd(65) File: C:/Users/Miguel/Dropbox/University_Modules/Computer_Systems_Engineering_-_Year_3/Singleton_MEng_Year_3_Project/3-Development/FISC/rtl/stage2_decode.vhd Line: 65
Info (10041): Inferred latch for "sign_ext_reg[49]" at stage2_decode.vhd(65) File: C:/Users/Miguel/Dropbox/University_Modules/Computer_Systems_Engineering_-_Year_3/Singleton_MEng_Year_3_Project/3-Development/FISC/rtl/stage2_decode.vhd Line: 65
Info (10041): Inferred latch for "sign_ext_reg[50]" at stage2_decode.vhd(65) File: C:/Users/Miguel/Dropbox/University_Modules/Computer_Systems_Engineering_-_Year_3/Singleton_MEng_Year_3_Project/3-Development/FISC/rtl/stage2_decode.vhd Line: 65
Info (10041): Inferred latch for "sign_ext_reg[51]" at stage2_decode.vhd(65) File: C:/Users/Miguel/Dropbox/University_Modules/Computer_Systems_Engineering_-_Year_3/Singleton_MEng_Year_3_Project/3-Development/FISC/rtl/stage2_decode.vhd Line: 65
Info (10041): Inferred latch for "sign_ext_reg[52]" at stage2_decode.vhd(65) File: C:/Users/Miguel/Dropbox/University_Modules/Computer_Systems_Engineering_-_Year_3/Singleton_MEng_Year_3_Project/3-Development/FISC/rtl/stage2_decode.vhd Line: 65
Info (10041): Inferred latch for "sign_ext_reg[53]" at stage2_decode.vhd(65) File: C:/Users/Miguel/Dropbox/University_Modules/Computer_Systems_Engineering_-_Year_3/Singleton_MEng_Year_3_Project/3-Development/FISC/rtl/stage2_decode.vhd Line: 65
Info (10041): Inferred latch for "sign_ext_reg[54]" at stage2_decode.vhd(65) File: C:/Users/Miguel/Dropbox/University_Modules/Computer_Systems_Engineering_-_Year_3/Singleton_MEng_Year_3_Project/3-Development/FISC/rtl/stage2_decode.vhd Line: 65
Info (10041): Inferred latch for "sign_ext_reg[55]" at stage2_decode.vhd(65) File: C:/Users/Miguel/Dropbox/University_Modules/Computer_Systems_Engineering_-_Year_3/Singleton_MEng_Year_3_Project/3-Development/FISC/rtl/stage2_decode.vhd Line: 65
Info (10041): Inferred latch for "sign_ext_reg[56]" at stage2_decode.vhd(65) File: C:/Users/Miguel/Dropbox/University_Modules/Computer_Systems_Engineering_-_Year_3/Singleton_MEng_Year_3_Project/3-Development/FISC/rtl/stage2_decode.vhd Line: 65
Info (10041): Inferred latch for "sign_ext_reg[57]" at stage2_decode.vhd(65) File: C:/Users/Miguel/Dropbox/University_Modules/Computer_Systems_Engineering_-_Year_3/Singleton_MEng_Year_3_Project/3-Development/FISC/rtl/stage2_decode.vhd Line: 65
Info (10041): Inferred latch for "sign_ext_reg[58]" at stage2_decode.vhd(65) File: C:/Users/Miguel/Dropbox/University_Modules/Computer_Systems_Engineering_-_Year_3/Singleton_MEng_Year_3_Project/3-Development/FISC/rtl/stage2_decode.vhd Line: 65
Info (10041): Inferred latch for "sign_ext_reg[59]" at stage2_decode.vhd(65) File: C:/Users/Miguel/Dropbox/University_Modules/Computer_Systems_Engineering_-_Year_3/Singleton_MEng_Year_3_Project/3-Development/FISC/rtl/stage2_decode.vhd Line: 65
Info (10041): Inferred latch for "sign_ext_reg[60]" at stage2_decode.vhd(65) File: C:/Users/Miguel/Dropbox/University_Modules/Computer_Systems_Engineering_-_Year_3/Singleton_MEng_Year_3_Project/3-Development/FISC/rtl/stage2_decode.vhd Line: 65
Info (10041): Inferred latch for "sign_ext_reg[61]" at stage2_decode.vhd(65) File: C:/Users/Miguel/Dropbox/University_Modules/Computer_Systems_Engineering_-_Year_3/Singleton_MEng_Year_3_Project/3-Development/FISC/rtl/stage2_decode.vhd Line: 65
Info (10041): Inferred latch for "sign_ext_reg[62]" at stage2_decode.vhd(65) File: C:/Users/Miguel/Dropbox/University_Modules/Computer_Systems_Engineering_-_Year_3/Singleton_MEng_Year_3_Project/3-Development/FISC/rtl/stage2_decode.vhd Line: 65
Info (10041): Inferred latch for "sign_ext_reg[63]" at stage2_decode.vhd(65) File: C:/Users/Miguel/Dropbox/University_Modules/Computer_Systems_Engineering_-_Year_3/Singleton_MEng_Year_3_Project/3-Development/FISC/rtl/stage2_decode.vhd Line: 65
Info (12128): Elaborating entity "Microcode" for hierarchy "FISC:FISC1|Stage2_Decode:Stage2_Decode1|Microcode:Microcode1" File: C:/Users/Miguel/Dropbox/University_Modules/Computer_Systems_Engineering_-_Year_3/Singleton_MEng_Year_3_Project/3-Development/FISC/rtl/stage2_decode.vhd Line: 49
Warning (10036): Verilog HDL or VHDL warning at microcode.vhd(148): object "eos" assigned a value but never read File: C:/Users/Miguel/Dropbox/University_Modules/Computer_Systems_Engineering_-_Year_3/Singleton_MEng_Year_3_Project/3-Development/FISC/rtl/microcode.vhd Line: 148
Info (12128): Elaborating entity "RegFile" for hierarchy "FISC:FISC1|Stage2_Decode:Stage2_Decode1|RegFile:RegFile1" File: C:/Users/Miguel/Dropbox/University_Modules/Computer_Systems_Engineering_-_Year_3/Singleton_MEng_Year_3_Project/3-Development/FISC/rtl/stage2_decode.vhd Line: 53
Info (12128): Elaborating entity "Stage3_Execute" for hierarchy "FISC:FISC1|Stage3_Execute:Stage3_Execute1" File: C:/Users/Miguel/Dropbox/University_Modules/Computer_Systems_Engineering_-_Year_3/Singleton_MEng_Year_3_Project/3-Development/FISC/rtl/fisc.vhd Line: 58
Info (12128): Elaborating entity "ALU" for hierarchy "FISC:FISC1|Stage3_Execute:Stage3_Execute1|ALU:ALU1" File: C:/Users/Miguel/Dropbox/University_Modules/Computer_Systems_Engineering_-_Year_3/Singleton_MEng_Year_3_Project/3-Development/FISC/rtl/stage3_execute.vhd Line: 38
Info (10041): Inferred latch for "result_reg[0]" at alu.vhd(21) File: C:/Users/Miguel/Dropbox/University_Modules/Computer_Systems_Engineering_-_Year_3/Singleton_MEng_Year_3_Project/3-Development/FISC/rtl/alu.vhd Line: 21
Info (10041): Inferred latch for "result_reg[1]" at alu.vhd(21) File: C:/Users/Miguel/Dropbox/University_Modules/Computer_Systems_Engineering_-_Year_3/Singleton_MEng_Year_3_Project/3-Development/FISC/rtl/alu.vhd Line: 21
Info (10041): Inferred latch for "result_reg[2]" at alu.vhd(21) File: C:/Users/Miguel/Dropbox/University_Modules/Computer_Systems_Engineering_-_Year_3/Singleton_MEng_Year_3_Project/3-Development/FISC/rtl/alu.vhd Line: 21
Info (10041): Inferred latch for "result_reg[3]" at alu.vhd(21) File: C:/Users/Miguel/Dropbox/University_Modules/Computer_Systems_Engineering_-_Year_3/Singleton_MEng_Year_3_Project/3-Development/FISC/rtl/alu.vhd Line: 21
Info (10041): Inferred latch for "result_reg[4]" at alu.vhd(21) File: C:/Users/Miguel/Dropbox/University_Modules/Computer_Systems_Engineering_-_Year_3/Singleton_MEng_Year_3_Project/3-Development/FISC/rtl/alu.vhd Line: 21
Info (10041): Inferred latch for "result_reg[5]" at alu.vhd(21) File: C:/Users/Miguel/Dropbox/University_Modules/Computer_Systems_Engineering_-_Year_3/Singleton_MEng_Year_3_Project/3-Development/FISC/rtl/alu.vhd Line: 21
Info (10041): Inferred latch for "result_reg[6]" at alu.vhd(21) File: C:/Users/Miguel/Dropbox/University_Modules/Computer_Systems_Engineering_-_Year_3/Singleton_MEng_Year_3_Project/3-Development/FISC/rtl/alu.vhd Line: 21
Info (10041): Inferred latch for "result_reg[7]" at alu.vhd(21) File: C:/Users/Miguel/Dropbox/University_Modules/Computer_Systems_Engineering_-_Year_3/Singleton_MEng_Year_3_Project/3-Development/FISC/rtl/alu.vhd Line: 21
Info (10041): Inferred latch for "result_reg[8]" at alu.vhd(21) File: C:/Users/Miguel/Dropbox/University_Modules/Computer_Systems_Engineering_-_Year_3/Singleton_MEng_Year_3_Project/3-Development/FISC/rtl/alu.vhd Line: 21
Info (10041): Inferred latch for "result_reg[9]" at alu.vhd(21) File: C:/Users/Miguel/Dropbox/University_Modules/Computer_Systems_Engineering_-_Year_3/Singleton_MEng_Year_3_Project/3-Development/FISC/rtl/alu.vhd Line: 21
Info (10041): Inferred latch for "result_reg[10]" at alu.vhd(21) File: C:/Users/Miguel/Dropbox/University_Modules/Computer_Systems_Engineering_-_Year_3/Singleton_MEng_Year_3_Project/3-Development/FISC/rtl/alu.vhd Line: 21
Info (10041): Inferred latch for "result_reg[11]" at alu.vhd(21) File: C:/Users/Miguel/Dropbox/University_Modules/Computer_Systems_Engineering_-_Year_3/Singleton_MEng_Year_3_Project/3-Development/FISC/rtl/alu.vhd Line: 21
Info (10041): Inferred latch for "result_reg[12]" at alu.vhd(21) File: C:/Users/Miguel/Dropbox/University_Modules/Computer_Systems_Engineering_-_Year_3/Singleton_MEng_Year_3_Project/3-Development/FISC/rtl/alu.vhd Line: 21
Info (10041): Inferred latch for "result_reg[13]" at alu.vhd(21) File: C:/Users/Miguel/Dropbox/University_Modules/Computer_Systems_Engineering_-_Year_3/Singleton_MEng_Year_3_Project/3-Development/FISC/rtl/alu.vhd Line: 21
Info (10041): Inferred latch for "result_reg[14]" at alu.vhd(21) File: C:/Users/Miguel/Dropbox/University_Modules/Computer_Systems_Engineering_-_Year_3/Singleton_MEng_Year_3_Project/3-Development/FISC/rtl/alu.vhd Line: 21
Info (10041): Inferred latch for "result_reg[15]" at alu.vhd(21) File: C:/Users/Miguel/Dropbox/University_Modules/Computer_Systems_Engineering_-_Year_3/Singleton_MEng_Year_3_Project/3-Development/FISC/rtl/alu.vhd Line: 21
Info (10041): Inferred latch for "result_reg[16]" at alu.vhd(21) File: C:/Users/Miguel/Dropbox/University_Modules/Computer_Systems_Engineering_-_Year_3/Singleton_MEng_Year_3_Project/3-Development/FISC/rtl/alu.vhd Line: 21
Info (10041): Inferred latch for "result_reg[17]" at alu.vhd(21) File: C:/Users/Miguel/Dropbox/University_Modules/Computer_Systems_Engineering_-_Year_3/Singleton_MEng_Year_3_Project/3-Development/FISC/rtl/alu.vhd Line: 21
Info (10041): Inferred latch for "result_reg[18]" at alu.vhd(21) File: C:/Users/Miguel/Dropbox/University_Modules/Computer_Systems_Engineering_-_Year_3/Singleton_MEng_Year_3_Project/3-Development/FISC/rtl/alu.vhd Line: 21
Info (10041): Inferred latch for "result_reg[19]" at alu.vhd(21) File: C:/Users/Miguel/Dropbox/University_Modules/Computer_Systems_Engineering_-_Year_3/Singleton_MEng_Year_3_Project/3-Development/FISC/rtl/alu.vhd Line: 21
Info (10041): Inferred latch for "result_reg[20]" at alu.vhd(21) File: C:/Users/Miguel/Dropbox/University_Modules/Computer_Systems_Engineering_-_Year_3/Singleton_MEng_Year_3_Project/3-Development/FISC/rtl/alu.vhd Line: 21
Info (10041): Inferred latch for "result_reg[21]" at alu.vhd(21) File: C:/Users/Miguel/Dropbox/University_Modules/Computer_Systems_Engineering_-_Year_3/Singleton_MEng_Year_3_Project/3-Development/FISC/rtl/alu.vhd Line: 21
Info (10041): Inferred latch for "result_reg[22]" at alu.vhd(21) File: C:/Users/Miguel/Dropbox/University_Modules/Computer_Systems_Engineering_-_Year_3/Singleton_MEng_Year_3_Project/3-Development/FISC/rtl/alu.vhd Line: 21
Info (10041): Inferred latch for "result_reg[23]" at alu.vhd(21) File: C:/Users/Miguel/Dropbox/University_Modules/Computer_Systems_Engineering_-_Year_3/Singleton_MEng_Year_3_Project/3-Development/FISC/rtl/alu.vhd Line: 21
Info (10041): Inferred latch for "result_reg[24]" at alu.vhd(21) File: C:/Users/Miguel/Dropbox/University_Modules/Computer_Systems_Engineering_-_Year_3/Singleton_MEng_Year_3_Project/3-Development/FISC/rtl/alu.vhd Line: 21
Info (10041): Inferred latch for "result_reg[25]" at alu.vhd(21) File: C:/Users/Miguel/Dropbox/University_Modules/Computer_Systems_Engineering_-_Year_3/Singleton_MEng_Year_3_Project/3-Development/FISC/rtl/alu.vhd Line: 21
Info (10041): Inferred latch for "result_reg[26]" at alu.vhd(21) File: C:/Users/Miguel/Dropbox/University_Modules/Computer_Systems_Engineering_-_Year_3/Singleton_MEng_Year_3_Project/3-Development/FISC/rtl/alu.vhd Line: 21
Info (10041): Inferred latch for "result_reg[27]" at alu.vhd(21) File: C:/Users/Miguel/Dropbox/University_Modules/Computer_Systems_Engineering_-_Year_3/Singleton_MEng_Year_3_Project/3-Development/FISC/rtl/alu.vhd Line: 21
Info (10041): Inferred latch for "result_reg[28]" at alu.vhd(21) File: C:/Users/Miguel/Dropbox/University_Modules/Computer_Systems_Engineering_-_Year_3/Singleton_MEng_Year_3_Project/3-Development/FISC/rtl/alu.vhd Line: 21
Info (10041): Inferred latch for "result_reg[29]" at alu.vhd(21) File: C:/Users/Miguel/Dropbox/University_Modules/Computer_Systems_Engineering_-_Year_3/Singleton_MEng_Year_3_Project/3-Development/FISC/rtl/alu.vhd Line: 21
Info (10041): Inferred latch for "result_reg[30]" at alu.vhd(21) File: C:/Users/Miguel/Dropbox/University_Modules/Computer_Systems_Engineering_-_Year_3/Singleton_MEng_Year_3_Project/3-Development/FISC/rtl/alu.vhd Line: 21
Info (10041): Inferred latch for "result_reg[31]" at alu.vhd(21) File: C:/Users/Miguel/Dropbox/University_Modules/Computer_Systems_Engineering_-_Year_3/Singleton_MEng_Year_3_Project/3-Development/FISC/rtl/alu.vhd Line: 21
Info (10041): Inferred latch for "result_reg[32]" at alu.vhd(21) File: C:/Users/Miguel/Dropbox/University_Modules/Computer_Systems_Engineering_-_Year_3/Singleton_MEng_Year_3_Project/3-Development/FISC/rtl/alu.vhd Line: 21
Info (10041): Inferred latch for "result_reg[33]" at alu.vhd(21) File: C:/Users/Miguel/Dropbox/University_Modules/Computer_Systems_Engineering_-_Year_3/Singleton_MEng_Year_3_Project/3-Development/FISC/rtl/alu.vhd Line: 21
Info (10041): Inferred latch for "result_reg[34]" at alu.vhd(21) File: C:/Users/Miguel/Dropbox/University_Modules/Computer_Systems_Engineering_-_Year_3/Singleton_MEng_Year_3_Project/3-Development/FISC/rtl/alu.vhd Line: 21
Info (10041): Inferred latch for "result_reg[35]" at alu.vhd(21) File: C:/Users/Miguel/Dropbox/University_Modules/Computer_Systems_Engineering_-_Year_3/Singleton_MEng_Year_3_Project/3-Development/FISC/rtl/alu.vhd Line: 21
Info (10041): Inferred latch for "result_reg[36]" at alu.vhd(21) File: C:/Users/Miguel/Dropbox/University_Modules/Computer_Systems_Engineering_-_Year_3/Singleton_MEng_Year_3_Project/3-Development/FISC/rtl/alu.vhd Line: 21
Info (10041): Inferred latch for "result_reg[37]" at alu.vhd(21) File: C:/Users/Miguel/Dropbox/University_Modules/Computer_Systems_Engineering_-_Year_3/Singleton_MEng_Year_3_Project/3-Development/FISC/rtl/alu.vhd Line: 21
Info (10041): Inferred latch for "result_reg[38]" at alu.vhd(21) File: C:/Users/Miguel/Dropbox/University_Modules/Computer_Systems_Engineering_-_Year_3/Singleton_MEng_Year_3_Project/3-Development/FISC/rtl/alu.vhd Line: 21
Info (10041): Inferred latch for "result_reg[39]" at alu.vhd(21) File: C:/Users/Miguel/Dropbox/University_Modules/Computer_Systems_Engineering_-_Year_3/Singleton_MEng_Year_3_Project/3-Development/FISC/rtl/alu.vhd Line: 21
Info (10041): Inferred latch for "result_reg[40]" at alu.vhd(21) File: C:/Users/Miguel/Dropbox/University_Modules/Computer_Systems_Engineering_-_Year_3/Singleton_MEng_Year_3_Project/3-Development/FISC/rtl/alu.vhd Line: 21
Info (10041): Inferred latch for "result_reg[41]" at alu.vhd(21) File: C:/Users/Miguel/Dropbox/University_Modules/Computer_Systems_Engineering_-_Year_3/Singleton_MEng_Year_3_Project/3-Development/FISC/rtl/alu.vhd Line: 21
Info (10041): Inferred latch for "result_reg[42]" at alu.vhd(21) File: C:/Users/Miguel/Dropbox/University_Modules/Computer_Systems_Engineering_-_Year_3/Singleton_MEng_Year_3_Project/3-Development/FISC/rtl/alu.vhd Line: 21
Info (10041): Inferred latch for "result_reg[43]" at alu.vhd(21) File: C:/Users/Miguel/Dropbox/University_Modules/Computer_Systems_Engineering_-_Year_3/Singleton_MEng_Year_3_Project/3-Development/FISC/rtl/alu.vhd Line: 21
Info (10041): Inferred latch for "result_reg[44]" at alu.vhd(21) File: C:/Users/Miguel/Dropbox/University_Modules/Computer_Systems_Engineering_-_Year_3/Singleton_MEng_Year_3_Project/3-Development/FISC/rtl/alu.vhd Line: 21
Info (10041): Inferred latch for "result_reg[45]" at alu.vhd(21) File: C:/Users/Miguel/Dropbox/University_Modules/Computer_Systems_Engineering_-_Year_3/Singleton_MEng_Year_3_Project/3-Development/FISC/rtl/alu.vhd Line: 21
Info (10041): Inferred latch for "result_reg[46]" at alu.vhd(21) File: C:/Users/Miguel/Dropbox/University_Modules/Computer_Systems_Engineering_-_Year_3/Singleton_MEng_Year_3_Project/3-Development/FISC/rtl/alu.vhd Line: 21
Info (10041): Inferred latch for "result_reg[47]" at alu.vhd(21) File: C:/Users/Miguel/Dropbox/University_Modules/Computer_Systems_Engineering_-_Year_3/Singleton_MEng_Year_3_Project/3-Development/FISC/rtl/alu.vhd Line: 21
Info (10041): Inferred latch for "result_reg[48]" at alu.vhd(21) File: C:/Users/Miguel/Dropbox/University_Modules/Computer_Systems_Engineering_-_Year_3/Singleton_MEng_Year_3_Project/3-Development/FISC/rtl/alu.vhd Line: 21
Info (10041): Inferred latch for "result_reg[49]" at alu.vhd(21) File: C:/Users/Miguel/Dropbox/University_Modules/Computer_Systems_Engineering_-_Year_3/Singleton_MEng_Year_3_Project/3-Development/FISC/rtl/alu.vhd Line: 21
Info (10041): Inferred latch for "result_reg[50]" at alu.vhd(21) File: C:/Users/Miguel/Dropbox/University_Modules/Computer_Systems_Engineering_-_Year_3/Singleton_MEng_Year_3_Project/3-Development/FISC/rtl/alu.vhd Line: 21
Info (10041): Inferred latch for "result_reg[51]" at alu.vhd(21) File: C:/Users/Miguel/Dropbox/University_Modules/Computer_Systems_Engineering_-_Year_3/Singleton_MEng_Year_3_Project/3-Development/FISC/rtl/alu.vhd Line: 21
Info (10041): Inferred latch for "result_reg[52]" at alu.vhd(21) File: C:/Users/Miguel/Dropbox/University_Modules/Computer_Systems_Engineering_-_Year_3/Singleton_MEng_Year_3_Project/3-Development/FISC/rtl/alu.vhd Line: 21
Info (10041): Inferred latch for "result_reg[53]" at alu.vhd(21) File: C:/Users/Miguel/Dropbox/University_Modules/Computer_Systems_Engineering_-_Year_3/Singleton_MEng_Year_3_Project/3-Development/FISC/rtl/alu.vhd Line: 21
Info (10041): Inferred latch for "result_reg[54]" at alu.vhd(21) File: C:/Users/Miguel/Dropbox/University_Modules/Computer_Systems_Engineering_-_Year_3/Singleton_MEng_Year_3_Project/3-Development/FISC/rtl/alu.vhd Line: 21
Info (10041): Inferred latch for "result_reg[55]" at alu.vhd(21) File: C:/Users/Miguel/Dropbox/University_Modules/Computer_Systems_Engineering_-_Year_3/Singleton_MEng_Year_3_Project/3-Development/FISC/rtl/alu.vhd Line: 21
Info (10041): Inferred latch for "result_reg[56]" at alu.vhd(21) File: C:/Users/Miguel/Dropbox/University_Modules/Computer_Systems_Engineering_-_Year_3/Singleton_MEng_Year_3_Project/3-Development/FISC/rtl/alu.vhd Line: 21
Info (10041): Inferred latch for "result_reg[57]" at alu.vhd(21) File: C:/Users/Miguel/Dropbox/University_Modules/Computer_Systems_Engineering_-_Year_3/Singleton_MEng_Year_3_Project/3-Development/FISC/rtl/alu.vhd Line: 21
Info (10041): Inferred latch for "result_reg[58]" at alu.vhd(21) File: C:/Users/Miguel/Dropbox/University_Modules/Computer_Systems_Engineering_-_Year_3/Singleton_MEng_Year_3_Project/3-Development/FISC/rtl/alu.vhd Line: 21
Info (10041): Inferred latch for "result_reg[59]" at alu.vhd(21) File: C:/Users/Miguel/Dropbox/University_Modules/Computer_Systems_Engineering_-_Year_3/Singleton_MEng_Year_3_Project/3-Development/FISC/rtl/alu.vhd Line: 21
Info (10041): Inferred latch for "result_reg[60]" at alu.vhd(21) File: C:/Users/Miguel/Dropbox/University_Modules/Computer_Systems_Engineering_-_Year_3/Singleton_MEng_Year_3_Project/3-Development/FISC/rtl/alu.vhd Line: 21
Info (10041): Inferred latch for "result_reg[61]" at alu.vhd(21) File: C:/Users/Miguel/Dropbox/University_Modules/Computer_Systems_Engineering_-_Year_3/Singleton_MEng_Year_3_Project/3-Development/FISC/rtl/alu.vhd Line: 21
Info (10041): Inferred latch for "result_reg[62]" at alu.vhd(21) File: C:/Users/Miguel/Dropbox/University_Modules/Computer_Systems_Engineering_-_Year_3/Singleton_MEng_Year_3_Project/3-Development/FISC/rtl/alu.vhd Line: 21
Info (10041): Inferred latch for "result_reg[63]" at alu.vhd(21) File: C:/Users/Miguel/Dropbox/University_Modules/Computer_Systems_Engineering_-_Year_3/Singleton_MEng_Year_3_Project/3-Development/FISC/rtl/alu.vhd Line: 21
Info (12128): Elaborating entity "Stage4_Memory_Access" for hierarchy "FISC:FISC1|Stage4_Memory_Access:Stage4_Memory_Access1" File: C:/Users/Miguel/Dropbox/University_Modules/Computer_Systems_Engineering_-_Year_3/Singleton_MEng_Year_3_Project/3-Development/FISC/rtl/fisc.vhd Line: 60
Info (12128): Elaborating entity "Data_Memory" for hierarchy "FISC:FISC1|Stage4_Memory_Access:Stage4_Memory_Access1|Data_Memory:Data_Memory1" File: C:/Users/Miguel/Dropbox/University_Modules/Computer_Systems_Engineering_-_Year_3/Singleton_MEng_Year_3_Project/3-Development/FISC/rtl/stage4_memory_access.vhd Line: 104
Info (12128): Elaborating entity "Stage5_Writeback" for hierarchy "FISC:FISC1|Stage5_Writeback:Stage5_Writeback1" File: C:/Users/Miguel/Dropbox/University_Modules/Computer_Systems_Engineering_-_Year_3/Singleton_MEng_Year_3_Project/3-Development/FISC/rtl/fisc.vhd Line: 62
Info (16010): Generating hard_block partition "hard_block:auto_generated_inst"
    Info (16011): Adding 0 node(s), including 0 DDIO, 0 PLL, 0 transceiver and 0 LCELL
Warning (21074): Design contains 2 input pin(s) that do not drive logic
    Warning (15610): No output dependent on input pin "CLK" File: C:/Users/Miguel/Dropbox/University_Modules/Computer_Systems_Engineering_-_Year_3/Singleton_MEng_Year_3_Project/3-Development/FISC/rtl/top_synth.vhd Line: 7
    Warning (15610): No output dependent on input pin "KEY3" File: C:/Users/Miguel/Dropbox/University_Modules/Computer_Systems_Engineering_-_Year_3/Singleton_MEng_Year_3_Project/3-Development/FISC/rtl/top_synth.vhd Line: 8
Info (21057): Implemented 2 device resources after synthesis - the final resource count might be different
    Info (21058): Implemented 2 input pins
    Info (21059): Implemented 0 output pins
Info: Quartus Prime Analysis & Synthesis was successful. 0 errors, 12 warnings
    Info: Peak virtual memory: 897 megabytes
    Info: Processing ended: Tue Oct 11 03:05:43 2016
    Info: Elapsed time: 00:00:44
    Info: Total CPU time (on all processors): 00:01:06


